// Jest Snapshot v1, https://goo.gl/fbAQLP

exports[`Component: Form Layout should render correctly 1`] = `
<div
  className="wrapper form"
>
  <main
    className="content"
    role="main"
  >
    <div
      className="container"
    >
      <h1>
        My cool af children
      </h1>
    </div>
  </main>
  <ScrollToTop />
</div>
`;
