// Jest Snapshot v1, https://goo.gl/fbAQLP

exports[`Selector: ipPools selectReAssignPoolsOptions returns formatted pools list and renames label of current selected pool 1`] = `
Array [
  Object {
    "label": "-- Select a new pool --",
    "value": "big",
  },
  Object {
    "label": "None (none)",
    "value": "none",
  },
  Object {
    "label": "Default (default)",
    "value": "default",
  },
  Object {
    "label": "Small Pool (small)",
    "value": "small",
  },
]
`;
