// Jest Snapshot v1, https://goo.gl/fbAQLP

exports[`renders engagement chart 1`] = `
<ResponsiveContainer
  debounce={0}
  height={350}
  width="100%"
>
  <BarChart
    barCategoryGap="35%"
    barGap={4}
    data={Array []}
    layout="horizontal"
    margin={
      Object {
        "bottom": 5,
        "left": 5,
        "right": 5,
        "top": 25,
      }
    }
    reverseStackOrder={false}
    stackOffset="none"
  >
    <CartesianGrid
      fill="none"
      horizontal={true}
      horizontalPoints={Array []}
      stroke="#ccc"
      strokeDasharray="4 1"
      vertical={false}
      verticalPoints={Array []}
    />
    <XAxis
      allowDataOverflow={false}
      allowDecimals={true}
      dataKey="name"
      domain={
        Array [
          0,
          "auto",
        ]
      }
      height={30}
      hide={false}
      mirror={false}
      orientation="bottom"
      padding={
        Object {
          "left": 0,
          "right": 0,
        }
      }
      reversed={false}
      scale="auto"
      tickCount={5}
      tickLine={false}
      type="category"
      width={0}
      xAxisId={0}
    />
    <YAxis
      allowDataOverflow={false}
      allowDecimals={true}
      domain={
        Array [
          0,
          "auto",
        ]
      }
      height={0}
      hide={false}
      mirror={false}
      orientation="left"
      padding={
        Object {
          "top": 60,
        }
      }
      reversed={false}
      scale="auto"
      tickCount={5}
      tickLine={false}
      type="number"
      width={60}
      yAxisId={0}
    />
    <Bar
      animationBegin={0}
      animationDuration={400}
      animationEasing="ease"
      data={Array []}
      dataKey="value"
      fill="#37aadc"
      hide={false}
      isAnimationAction={false}
      isAnimationActive={true}
      layout="vertical"
      legendType="rect"
      minPointSize={0}
      onAnimationEnd={[Function]}
      onAnimationStart={[Function]}
      xAxisId={0}
      yAxisId={0}
    >
      <LabelList
        fill="#55555a"
        position="top"
        valueAccessor={[Function]}
      />
    </Bar>
  </BarChart>
</ResponsiveContainer>
`;
