// Jest Snapshot v1, https://goo.gl/fbAQLP

exports[`Collection SortLabel Component should render correctly 1`] = `
<UnstyledLink
  anotherprop="anotherProp"
  className="SortLabel asc"
>
  <span>
    Table Header Label
  </span>
  <span
    className="Up"
  >
    <ArrowDropUp />
  </span>
  <span
    className="Down"
  >
    <ArrowDropDown />
  </span>
</UnstyledLink>
`;
