// Jest Snapshot v1, https://goo.gl/fbAQLP

exports[`RecipientValidationTable should render correctly 1`] = `
<Table>
  <tbody>
    <Table.Row
      className="tableHeader"
    >
      <Table.Cell>
        <strong>
          Number of Emails
        </strong>
      </Table.Cell>
      <Table.Cell>
        <strong>
          Cost
        </strong>
      </Table.Cell>
    </Table.Row>
    <Table.Row
      key="row-0-5000"
    >
      <Table.Cell>
        <strong>
          0
        </strong>
         
        to 
        <strong>
          5,000
        </strong>
      </Table.Cell>
      <Table.Cell>
        <span>
          <strong>
            $0.010
          </strong>
           per email address
        </span>
      </Table.Cell>
    </Table.Row>
    <Table.Row
      key="row-5000-10000"
    >
      <Table.Cell>
        <strong>
          5,000
        </strong>
         
        to 
        <strong>
          10,000
        </strong>
      </Table.Cell>
      <Table.Cell>
        <span>
          <strong>
            $0.008
          </strong>
           per email address
        </span>
      </Table.Cell>
    </Table.Row>
    <Table.Row
      key="row-10000-50000"
    >
      <Table.Cell>
        <strong>
          10,000
        </strong>
         
        to 
        <strong>
          50,000
        </strong>
      </Table.Cell>
      <Table.Cell>
        <span>
          <strong>
            $0.006
          </strong>
           per email address
        </span>
      </Table.Cell>
    </Table.Row>
    <Table.Row
      key="row-50000-100000"
    >
      <Table.Cell>
        <strong>
          50,000
        </strong>
         
        to 
        <strong>
          100,000
        </strong>
      </Table.Cell>
      <Table.Cell>
        <span>
          <strong>
            $0.004
          </strong>
           per email address
        </span>
      </Table.Cell>
    </Table.Row>
    <Table.Row
      key="row-100000-250000"
    >
      <Table.Cell>
        <strong>
          100,000
        </strong>
         
        to 
        <strong>
          250,000
        </strong>
      </Table.Cell>
      <Table.Cell>
        <span>
          <strong>
            $0.003
          </strong>
           per email address
        </span>
      </Table.Cell>
    </Table.Row>
    <Table.Row
      key="row-250000-750000"
    >
      <Table.Cell>
        <strong>
          250,000
        </strong>
         
        to 
        <strong>
          750,000
        </strong>
      </Table.Cell>
      <Table.Cell>
        <span>
          <strong>
            $0.0015
          </strong>
           per email address
        </span>
      </Table.Cell>
    </Table.Row>
    <Table.Row
      key="row-750000-1000000"
    >
      <Table.Cell>
        <strong>
          750,000
        </strong>
         
        to 
        <strong>
          1,000,000
        </strong>
      </Table.Cell>
      <Table.Cell>
        <span>
          <strong>
            $0.0010
          </strong>
           per email address
        </span>
      </Table.Cell>
    </Table.Row>
    <Table.Row
      key="row-1000000-Infinity"
    >
      <Table.Cell>
        <strong>
          1,000,000
        </strong>
        +
      </Table.Cell>
      <Table.Cell>
        <span>
          <strong>
            $0.00075
          </strong>
           per email address
        </span>
      </Table.Cell>
    </Table.Row>
  </tbody>
</Table>
`;
