// Jest Snapshot v1, https://goo.gl/fbAQLP

exports[`Panel Loading render 1`] = `
<Panel
  style={
    Object {
      "minHeight": "400px",
    }
  }
>
  <Loading />
</Panel>
`;
