// Jest Snapshot v1, https://goo.gl/fbAQLP

exports[`Component: SetupSending renders correctly for unverified DKIM and invalid ownership with mailbox verification disabled 1`] = `
<SendingDomainSection
  title="Set Up For Sending"
>
  <Left>
    <SubduedText
      as="p"
      color="gray.600"
      fontSize="300"
      mt="300"
    >
      <strong>
        To use this domain for sending
      </strong>
      , add this TXT record to your DNS settings, paying close attention to the specified hostname.
    </SubduedText>
  </Left>
  <Right>
    <SetupInstructionPanel
      isVerified={false}
      isVerifying={false}
      onVerify={[Function]}
      recordType="TXT"
      verifyButtonIdentifier="verify-dkim"
    >
      <LabelledValue
        label="Type"
      >
        <p>
          TXT
        </p>
      </LabelledValue>
      <LabelledValue
        label="Hostname"
      >
        <p>
          scph0118._domainkey.xyz.com
        </p>
      </LabelledValue>
      <LabelledValue
        label="Value"
      >
        <p>
          v=DKIM1; k=rsa; h=sha256; p=MIGfMA0GCSqGSIb3DQEBAQUAA4GNADCBiQKBgQC7J/mQAVP9pynvD79opV/GD495pJWTWmHaEMymBO55y52gu2D23/CHbLys0KXszTAPOVS9x3HdRByeE1jIx41sZkWwDzxcyZH2NP5Mw3zNQWO4CqSGqrVPuukjIy5N3jmZnJ/V3IOkKnC3A+j76iIG42cVOgzoekbM3ZXSfwag+wIDAQAB
        </p>
      </LabelledValue>
    </SetupInstructionPanel>
  </Right>
</SendingDomainSection>
`;

exports[`Component: SetupSending renders correctly for unverified DKIM and invalid ownership with mailbox verification enabled 1`] = `
<SendingDomainSection
  title="Set Up For Sending"
>
  <Left>
    <SubduedText
      as="p"
      color="gray.600"
      fontSize="300"
      mt="300"
    >
      <strong>
        To use this domain for sending
      </strong>
      , add this TXT record to your DNS settings, paying close attention to the specified hostname.
    </SubduedText>
    <SubduedText
      as="p"
      color="gray.600"
      fontSize="300"
      mt="300"
    >
      We recommend DNS verification, but if you don't have DNS access, you can
       
      <UnstyledLink
        id="verify-with-email"
        onClick={[Function]}
      >
         
        set this domain up for sending via email.
      </UnstyledLink>
    </SubduedText>
  </Left>
  <Right>
    <SetupInstructionPanel
      isVerified={false}
      isVerifying={false}
      onVerify={[Function]}
      recordType="TXT"
      verifyButtonIdentifier="verify-dkim"
    >
      <LabelledValue
        label="Type"
      >
        <p>
          TXT
        </p>
      </LabelledValue>
      <LabelledValue
        label="Hostname"
      >
        <p>
          scph0118._domainkey.xyz.com
        </p>
      </LabelledValue>
      <LabelledValue
        label="Value"
      >
        <p>
          v=DKIM1; k=rsa; h=sha256; p=MIGfMA0GCSqGSIb3DQEBAQUAA4GNADCBiQKBgQC7J/mQAVP9pynvD79opV/GD495pJWTWmHaEMymBO55y52gu2D23/CHbLys0KXszTAPOVS9x3HdRByeE1jIx41sZkWwDzxcyZH2NP5Mw3zNQWO4CqSGqrVPuukjIy5N3jmZnJ/V3IOkKnC3A+j76iIG42cVOgzoekbM3ZXSfwag+wIDAQAB
        </p>
      </LabelledValue>
    </SetupInstructionPanel>
  </Right>
</SendingDomainSection>
`;

exports[`Component: SetupSending renders correctly when ownership and DKIM are verified 1`] = `
<SendingDomainSection
  title="Set Up For Sending"
>
  <Left />
  <Right>
    <SetupInstructionPanel
      isVerified={true}
      isVerifying={false}
      onVerify={[Function]}
      recordType="TXT"
      verifyButtonIdentifier="verify-dkim"
    >
      <LabelledValue
        label="Type"
      >
        <p>
          TXT
        </p>
      </LabelledValue>
      <LabelledValue
        label="Hostname"
      >
        <p>
          scph0118._domainkey.xyz.com
        </p>
      </LabelledValue>
      <LabelledValue
        label="Value"
      >
        <p>
          v=DKIM1; k=rsa; h=sha256; p=MIGfMA0GCSqGSIb3DQEBAQUAA4GNADCBiQKBgQC7J/mQAVP9pynvD79opV/GD495pJWTWmHaEMymBO55y52gu2D23/CHbLys0KXszTAPOVS9x3HdRByeE1jIx41sZkWwDzxcyZH2NP5Mw3zNQWO4CqSGqrVPuukjIy5N3jmZnJ/V3IOkKnC3A+j76iIG42cVOgzoekbM3ZXSfwag+wIDAQAB
        </p>
      </LabelledValue>
    </SetupInstructionPanel>
  </Right>
</SendingDomainSection>
`;

exports[`Component: SetupSending renders correctly when ownership is valid and DKIM is unverified 1`] = `
<SendingDomainSection
  title="Set Up For Sending"
>
  <Left>
    <SubduedText
      as="p"
      color="gray.600"
      fontSize="300"
      mt="300"
    >
      This domain is 
      <strong>
        ready for sending
      </strong>
      , but if you plan to use it for sending, we still recommend that you add this TXT record to make it 
      <strong>
        ready for DKIM
      </strong>
       
      as well.
    </SubduedText>
  </Left>
  <Right>
    <SetupInstructionPanel
      isVerified={false}
      isVerifying={false}
      onVerify={[Function]}
      recordType="TXT"
      verifyButtonIdentifier="verify-dkim"
    >
      <LabelledValue
        label="Type"
      >
        <p>
          TXT
        </p>
      </LabelledValue>
      <LabelledValue
        label="Hostname"
      >
        <p>
          scph0118._domainkey.xyz.com
        </p>
      </LabelledValue>
      <LabelledValue
        label="Value"
      >
        <p>
          v=DKIM1; k=rsa; h=sha256; p=MIGfMA0GCSqGSIb3DQEBAQUAA4GNADCBiQKBgQC7J/mQAVP9pynvD79opV/GD495pJWTWmHaEMymBO55y52gu2D23/CHbLys0KXszTAPOVS9x3HdRByeE1jIx41sZkWwDzxcyZH2NP5Mw3zNQWO4CqSGqrVPuukjIy5N3jmZnJ/V3IOkKnC3A+j76iIG42cVOgzoekbM3ZXSfwag+wIDAQAB
        </p>
      </LabelledValue>
    </SetupInstructionPanel>
  </Right>
</SendingDomainSection>
`;
