// Jest Snapshot v1, https://goo.gl/fbAQLP

exports[`VerifyToken component should render nothing 1`] = `""`;
