// Jest Snapshot v1, https://goo.gl/fbAQLP

exports[`TFA flow: enable on login 1`] = `
Array [
  Array [
    Object {
      "data": "grant_type=password&username=tfa-required-username&password=tfa-required-password&rememberMe=false",
      "headers": Object {
        "Authorization": "Basic bXN5c1dlYlVJOmZhODZkNzJlLTYyODctNDUxMy1hZTdmLWVjOGM4ZmEwZDc2Ng==",
        "Content-Type": "application/x-www-form-urlencoded",
      },
      "method": "POST",
      "url": "/v1/authenticate",
    },
  ],
  Array [
    Object {
      "data": "grant_type=password&username=tfa-required-username&password=tfa-required-password&rememberMe=false",
      "headers": Object {
        "Authorization": "Basic bXN5c1VJTGltaXRlZDphZjE0OTdkYS02NjI5LTQ3NTEtODljZS01ZDBmODE4N2MyMDQ=",
        "Content-Type": "application/x-www-form-urlencoded",
      },
      "method": "POST",
      "url": "/v1/authenticate",
    },
  ],
  Array [
    Object {
      "headers": Object {
        "Authorization": "mock-access-token",
      },
      "method": "GET",
      "url": "/v1/users/tfa-required-username/two-factor",
    },
  ],
  Array [
    Object {
      "data": Object {
        "enabled": true,
      },
      "headers": Object {
        "Authorization": "mock-access-token",
      },
      "method": "put",
      "params": undefined,
      "responseType": "json",
      "url": "/v1/users/tfa-required-username/two-factor",
    },
  ],
  Array [
    Object {
      "data": Object {
        "code": "314159",
        "enabled": true,
      },
      "headers": Object {
        "Authorization": "mock-access-token",
      },
      "method": "put",
      "params": undefined,
      "responseType": "json",
      "url": "/v1/users/tfa-required-username/two-factor",
    },
  ],
  Array [
    Object {
      "data": undefined,
      "headers": Object {
        "Authorization": "mock-access-token",
      },
      "method": "get",
      "params": Object {},
      "responseType": "json",
      "url": "/v1/account",
    },
  ],
  Array [
    Object {
      "data": undefined,
      "headers": Object {
        "Authorization": "mock-access-token",
      },
      "method": "get",
      "params": undefined,
      "responseType": "json",
      "url": "/v1/billing/plans",
    },
  ],
  Array [
    Object {
      "data": undefined,
      "headers": Object {
        "Authorization": "mock-access-token",
      },
      "method": "get",
      "params": Object {},
      "responseType": "json",
      "url": "/v1/billing/bundles",
    },
  ],
  Array [
    Object {
      "data": undefined,
      "headers": Object {
        "Authorization": "mock-access-token",
      },
      "method": "get",
      "params": Object {},
      "responseType": "json",
      "url": "/v1/billing/subscription",
    },
  ],
  Array [
    Object {
      "data": undefined,
      "headers": Object {
        "Authorization": "mock-access-token",
      },
      "method": "get",
      "params": undefined,
      "responseType": "json",
      "url": "/v1/users/tfa-required-username",
    },
  ],
  Array [
    Object {
      "data": undefined,
      "headers": Object {
        "Authorization": "mock-access-token",
      },
      "method": "get",
      "params": Object {
        "beta": false,
        "role": undefined,
      },
      "responseType": "json",
      "url": "/v1/authenticate/grants",
    },
  ],
  Array [
    Object {
      "data": undefined,
      "headers": Object {
        "Authorization": "mock-access-token",
      },
      "method": "get",
      "params": Object {
        "include": "usage",
      },
      "responseType": "json",
      "url": "/v1/account",
    },
  ],
  Array [
    Object {
      "data": undefined,
      "headers": Object {
        "Authorization": "mock-access-token",
        "x-msys-subaccount": 0,
      },
      "method": "get",
      "params": undefined,
      "responseType": "json",
      "url": "/v1/api-keys",
    },
  ],
  Array [
    Object {
      "data": undefined,
      "headers": Object {
        "Authorization": "mock-access-token",
      },
      "method": "get",
      "params": undefined,
      "responseType": "json",
      "url": "/v1/sending-domains",
    },
  ],
]
`;
