// Jest Snapshot v1, https://goo.gl/fbAQLP

exports[`Component: DatePicker should render ok by default 1`] = `
<Popover
  bottom={true}
  onOutsideClick={[Function]}
  open={false}
  right={true}
  trigger={
    <TextField
      connectLeft={
        <Select
          disabled={false}
          onChange={[Function]}
          options={
            Array [
              1,
              2,
              3,
            ]
          }
          placeholderValue=""
          required={false}
          value="day"
        />
      }
      labelHidden={true}
      onClick={[Function]}
      readOnly={true}
      required={false}
      resize="both"
      type="text"
      value="undefined - undefined"
    />
  }
  wrapper="div"
>
  <Datepicker
    disabledDays={
      Object {
        "after": 2017-01-15T12:00:00.000Z,
      }
    }
    enableOutsideDays={false}
    fixedWeeks={true}
    numberOfMonths={2}
    onDayClick={[Function]}
    onDayFocus={[Function]}
    onDayKeyDown={[Function]}
    onDayMouseEnter={[Function]}
    onKeyDown={[Function]}
    selectedDays={
      Object {
        "from": 2017-01-15T11:00:00.000Z,
        "to": 2017-01-15T12:00:00.000Z,
      }
    }
    toMonth={2017-01-15T12:00:00.000Z}
  />
  <ManualEntryForm
    from={2017-01-15T11:00:00.000Z}
    onEnter={[Function]}
    selectDates={[Function]}
    to={2017-01-15T12:00:00.000Z}
  />
  <Button
    onClick={[Function]}
    primary={true}
    size="default"
  >
    Apply
  </Button>
  <Button
    onClick={[Function]}
    size="default"
  >
    Cancel
  </Button>
</Popover>
`;
