// Jest Snapshot v1, https://goo.gl/fbAQLP

exports[`Component: TogglePanel should render 1`] = `
<Panel.Section>
  <Grid>
    <Grid.Column
      md={11}
      xs={12}
    >
      <LabelledValue
        label="Status"
      >
        <strong>
          Optional
        </strong>
        <p>
          Each user can manage their own two-factor authentication settings.
        </p>
      </LabelledValue>
    </Grid.Column>
    <Grid.Column
      md={1}
      style={
        Object {
          "textAlign": "right",
        }
      }
      xs={12}
    >
      <Toggle
        checked={false}
        id="enforceTfa"
        onChange={[Function]}
      />
    </Grid.Column>
  </Grid>
</Panel.Section>
`;
